[dotenv@17.2.3] injecting env (6) from .env.local -- tip: ≡ƒ¢á∩╕Å  run anywhere with `dotenvx run -- yourcommand`
Initializing Gemini with API Key (truncated): AIzaS...
Sending test request to Gemini v1 (gemini-pro)...

--- FAILED ---
Error: [GoogleGenerativeAI Error]: Error fetching from https://generativelanguage.googleapis.com/v1/models/gemini-pro:generateContent: [404 Not Found] models/gemini-pro is not found for API version v1, or is not supported for generateContent. Call ListModels to see the list of available models and their supported methods.
Error: [GoogleGenerativeAI Error]: Error fetching from https://generativelanguage.googleapis.com/v1/models/gemini-pro:generateContent: [404 Not Found] models/gemini-pro is not found for API version v1, or is not supported for generateContent. Call ListModels to see the list of available models and their supported methods.
    at handleResponseNotOk (file:///C:/Users/t1glish/Downloads/nexus-construct-erp%20(2)/node_modules/@google/generative-ai/dist/index.mjs:432:11)
    at process.processTicksAndRejections (node:internal/process/task_queues:105:5)
    at async makeRequest (file:///C:/Users/t1glish/Downloads/nexus-construct-erp%20(2)/node_modules/@google/generative-ai/dist/index.mjs:401:9)
----------------
    at async generateContent (file:///C:/Users/t1glish/Downloads/nexus-construct-erp%20(2)/node_modules/@google/generative-ai/dist/index.mjs:865:22)

    at async testGeminiV1 (C:\Users\t1glish\Downloads\nexus-construct-erp (2)\scripts\test-gemini-v1.ts:26:24)
Assertion failed: !(handle->flags & UV_HANDLE_CLOSING), file src\win\async.c, line 76
